// Jest Snapshot v1, https://goo.gl/fbAQLP

exports[`calculatePlayerUpdatedValues should return the correct player updated values 1`] = `
[
  1,
  2,
  3,
  1,
  0,
  0,
  1,
  2,
  3,
]
`;
