// Jest Snapshot v1, https://goo.gl/fbAQLP

exports[`calculateOpponentUpdatedValues should return the correct opponent updated values 1`] = `
[
  0,
  2,
  3,
  0,
  0,
  0,
  0,
  2,
  3,
]
`;
